// Jest Snapshot v1, https://goo.gl/fbAQLP

exports[`StackChart with markers EmptyReasons shows reasons when samples have been completely filtered out 1`] = `
<div
  class="EmptyReasons"
>
  <h3>
    The 
    stack chart
     is empty for “
    Empty
    ”
  </h3>
  <p>
    Try broadening the selected range, removing search terms, or call tree transforms to view samples.
  </p>
</div>
`;

exports[`StackChart with markers matches the snapshot for user timings 1`] = `
<div
  aria-labelledby="stack-chart-tab-button"
  class="stackChart"
  id="stack-chart-tab"
  role="tabpanel"
>
  <div
    class="stackSettings"
  >
    <ul
      class="stackSettingsList"
    >
      <li
        class="stackSettingsListItem stackSettingsFilter"
      >
        <label
          class="photon-label photon-label-micro stackSettingsFilterLabel"
        >
          <input
            checked=""
            class="photon-radio photon-radio-micro stackSettingsFilterInput"
            name="stack-settings-filter"
            title="Filter stack frames to a type."
            type="radio"
            value="combined"
          />
          All stacks
        </label>
        <label
          class="photon-label photon-label-micro stackSettingsFilterLabel"
        >
          <input
            class="photon-radio photon-radio-micro stackSettingsFilterInput"
            name="stack-settings-filter"
            title="Filter stack frames to a type."
            type="radio"
            value="js"
          />
          JavaScript
        </label>
        <label
          class="photon-label photon-label-micro stackSettingsFilterLabel"
        >
          <input
            class="photon-radio photon-radio-micro stackSettingsFilterInput"
            name="stack-settings-filter"
            title="Filter stack frames to a type."
            type="radio"
            value="cpp"
          />
          Native
        </label>
      </li>
      <li
        class="stackSettingsListItem"
      >
        <label
          class="photon-label photon-label-micro stackSettingsLabel"
        >
          <input
            class="photon-checkbox photon-checkbox-micro stackSettingsCheckbox"
            type="checkbox"
          />
           Invert call stack
        </label>
      </li>
      <li
        class="stackSettingsListItem"
      >
        <label
          class="photon-label photon-label-micro stackSettingsLabel"
        >
          <input
            class="photon-checkbox photon-checkbox-micro stackSettingsCheckbox"
            type="checkbox"
          />
           Show user timing
        </label>
      </li>
    </ul>
    <div
      class="panelSearchField stackSettingsSearchField"
    >
      <label
        class="panelSearchFieldLabel"
      >
        Filter stacks: 
        <form
          class="idleSearchField panelSearchFieldInput"
        >
          <input
            class="idleSearchFieldInput photon-input"
            name="search"
            placeholder="Enter filter terms"
            required=""
            title="Only display stacks which contain a function whose name matches this substring"
            type="search"
            value=""
          />
          <input
            class="idleSearchFieldButton"
            tabindex="-1"
            type="reset"
          />
        </form>
        <div
          class="panelSearchFieldIntroduction isHidden"
        >
          Did you know you can use the comma (,) to search using several terms?
        </div>
      </label>
    </div>
  </div>
  <ol
    class="filterNavigatorBar calltreeTransformNavigator"
  >
    <li
      class="filterNavigatorBarItem filterNavigatorBarRootItem filterNavigatorBarSelectedItem filterNavigatorBarLeafItem"
      data-index="0"
      title="Complete \\"Empty\\""
    >
      <span
        class="filterNavigatorBarItemContent"
      >
        Complete "Empty"
      </span>
    </li>
  </ol>
  <div
    class="stackChartContent"
  >
    <div
      class="chartViewport"
      tabindex="0"
    >
      <div
        class="react-contextmenu-wrapper treeViewContextMenu"
      >
        <div>
          <canvas
            class="chartCanvas stackChartCanvas"
            height="300"
            style="top: 0px; width: 365px; height: 300px;"
            width="365"
          />
        </div>
      </div>
      <div
        class="chartViewportScroll hidden"
      >
        Zoom Chart:
        <kbd
          class="chartViewportScrollKbd"
        >
          Ctrl + Scroll
        </kbd>
        or
        <kbd
          class="chartViewportScrollKbd"
        >
          Shift + Scroll
        </kbd>
      </div>
    </div>
  </div>
</div>
`;

exports[`StackChart with markers matches the snapshot for user timings 2`] = `
Array [
  Array [
    "set font",
    "10px sans-serif",
  ],
  Array [
    "measureText",
    "abcdefghijklmnopqrstuvwxyzABCDEFGHIJKLMNOPQRSTUVWXYZ.()< /:-_",
  ],
  Array [
    "measureText",
    "…",
  ],
  Array [
    "set fillStyle",
    "#ffffff",
  ],
  Array [
    "fillRect",
    0,
    0,
    365,
    300,
  ],
  Array [
    "set fillStyle",
    "#d7d7db",
  ],
  Array [
    "fillRect",
    150,
    0,
    1,
    300,
  ],
  Array [
    "fillRect",
    350,
    0,
    1,
    300,
  ],
]
`;
